---
source: crates/zkml-common/src/commitment.rs
expression: hash
---
[
    82,
    139,
    116,
    151,
    163,
    41,
    76,
    14,
    68,
    32,
    25,
    173,
    21,
    94,
    188,
    65,
    102,
    228,
    63,
    150,
    67,
    83,
    51,
    150,
    25,
    8,
    160,
    227,
    105,
    111,
    166,
    21,
]
