---
source: crates/zkml-common/src/commitment.rs
expression: hash
---
[
    161,
    255,
    62,
    26,
    156,
    192,
    67,
    194,
    104,
    244,
    41,
    71,
    201,
    137,
    19,
    168,
    72,
    94,
    44,
    64,
    15,
    107,
    115,
    236,
    47,
    53,
    3,
    220,
    21,
    147,
    127,
    34,
]
