---
source: crates/zkml-common/src/commitment.rs
expression: hash
---
[
    222,
    213,
    65,
    234,
    117,
    216,
    134,
    24,
    238,
    137,
    102,
    191,
    66,
    65,
    222,
    205,
    54,
    234,
    7,
    194,
    22,
    232,
    56,
    16,
    37,
    238,
    215,
    180,
    234,
    130,
    253,
    30,
]
