---
source: crates/zkml-common/src/commitment.rs
expression: hash
---
[
    87,
    50,
    15,
    170,
    8,
    54,
    217,
    89,
    129,
    15,
    156,
    137,
    182,
    204,
    111,
    117,
    113,
    138,
    230,
    253,
    98,
    211,
    229,
    132,
    116,
    120,
    81,
    240,
    109,
    183,
    155,
    1,
]
