---
source: crates/zkml-common/src/commitment.rs
expression: hash
---
[
    224,
    38,
    237,
    107,
    196,
    60,
    162,
    9,
    169,
    94,
    147,
    242,
    33,
    222,
    228,
    93,
    229,
    221,
    191,
    163,
    245,
    53,
    7,
    21,
    216,
    146,
    197,
    252,
    37,
    45,
    191,
    38,
]
