---
source: crates/zkml-common/src/commitment.rs
expression: hash
---
[
    224,
    184,
    163,
    180,
    110,
    239,
    85,
    148,
    54,
    217,
    137,
    107,
    125,
    130,
    91,
    173,
    97,
    219,
    76,
    156,
    142,
    252,
    83,
    250,
    132,
    8,
    116,
    22,
    66,
    165,
    147,
    15,
]
