---
source: crates/zkml-common/src/commitment.rs
expression: hash
---
[
    186,
    148,
    61,
    111,
    99,
    77,
    147,
    27,
    125,
    221,
    77,
    5,
    2,
    230,
    59,
    88,
    66,
    212,
    107,
    129,
    218,
    30,
    168,
    84,
    103,
    158,
    237,
    67,
    5,
    82,
    7,
    33,
]
